=== vamp-test-plugin:vamp-test-plugin-freq:curve-fsr
 0.000000000: 0 1 of 10: 0 at 0
 0.400000000: 0.1 2 of 10: 0.1 at 0.4
 0.800000000: 0.2 3 of 10: 0.2 at 0.8
 1.200000000: 0.3 4 of 10: 0.3 at 1.2
 1.600000000: 0.4 5 of 10: 0.4 at 1.6
 2.000000000: 0.5 6 of 10: 0.5 at 2
 2.400000000: 0.6 7 of 10: 0.6 at 2.4
 2.800000000: 0.7 8 of 10: 0.7 at 2.8
 3.200000000: 0.8 9 of 10: 0.8 at 3.2
 3.600000000: 0.9 10 of 10: 0.9 at 3.6
