=== vamp-test-plugin:vamp-test-plugin-freq:notes-regions
 1.000000000, 0.500000000: 0.1 2 of 10: 0.1 at 1 dur. 0.5
 2.000000000, 1.750000000: 0.2 3 of 10: 0.2 at 2 dur. 1.75
 3.000000000, 0.500000000: 0.3 4 of 10: 0.3 at 3 dur. 0.5
 4.000000000, 1.750000000: 0.4 5 of 10: 0.4 at 4 dur. 1.75
 5.000000000, 0.500000000: 0.5 6 of 10: 0.5 at 5 dur. 0.5
 6.000000000, 1.750000000: 0.6 7 of 10: 0.6 at 6 dur. 1.75
 7.000000000, 0.500000000: 0.7 8 of 10: 0.7 at 7 dur. 0.5
 8.000000000, 1.750000000: 0.8 9 of 10: 0.8 at 8 dur. 1.75
 9.000000000, 0.500000000: 0.9 10 of 10: 0.9 at 9 dur. 0.5
