=== vamp-test-plugin:vamp-test-plugin:curve-fsr-mixed
 2.400000000: 0 1 of 10: 0 at 2.4 snap to 2.4
 2.800000000: 0.1 2 of 10: 0.1 at 2.9 snap to 2.8
 3.200000000: 0.2 3 of 10: 0.2 at 3.14 snap to 3.2
 3.600000000: 0.3 4 of 10: 0.3 at 3.5 snap to 3.6
 4.000000000: 0.4 5 of 10: 0.4 at 4
 4.400000000: 0.5 6 of 10: 0.5 at 4.4
 4.000000000: 0.6 7 of 10: 0.6 at 3.9 snap to 4
 4.400000000: 0.7 8 of 10: 0.7 at 4.4 snap to 4.4
 4.800000000: 0.8 9 of 10: 0.8 at 4.8
 5.200000000: 0.9 10 of 10: 0.9 at 5 snap to 5.2
