=== vamp-test-plugin:vamp-test-plugin:curve-oss
 0.000000000: 0 1 of 20: 0 at 0
 0.046439909: 0.05 2 of 20: 0.05 at 0.046
 0.092879819: 0.1 3 of 20: 0.1 at 0.092
 0.139319728: 0.15 4 of 20: 0.15 at 0.139
 0.185759637: 0.2 5 of 20: 0.2 at 0.185
 0.232199546: 0.25 6 of 20: 0.25 at 0.232
 0.278639456: 0.3 7 of 20: 0.3 at 0.278
 0.325079365: 0.35 8 of 20: 0.35 at 0.325
 0.371519274: 0.4 9 of 20: 0.4 at 0.371
 0.417959184: 0.45 10 of 20: 0.45 at 0.417
 0.464399093: 0.5 11 of 20: 0.5 at 0.464
 0.510839002: 0.55 12 of 20: 0.55 at 0.51
 0.557278912: 0.6 13 of 20: 0.6 at 0.557
 0.603718821: 0.65 14 of 20: 0.65 at 0.603
 0.650158730: 0.7 15 of 20: 0.7 at 0.65
 0.696598639: 0.75 16 of 20: 0.75 at 0.696
 0.743038549: 0.8 17 of 20: 0.8 at 0.743
 0.789478458: 0.85 18 of 20: 0.85 at 0.789
 0.835918367: 0.9 19 of 20: 0.9 at 0.835
 0.882358277: 0.95 20 of 20: 0.95 at 0.882
