=== vamp-test-plugin:vamp-test-plugin-freq:curve-oss
 0.023219955: 0 1 of 20: 0 at 0.023
 0.046439909: 0.05 2 of 20: 0.05 at 0.046
 0.069659864: 0.1 3 of 20: 0.1 at 0.069
 0.092879819: 0.15 4 of 20: 0.15 at 0.092
 0.116099773: 0.2 5 of 20: 0.2 at 0.116
 0.139319728: 0.25 6 of 20: 0.25 at 0.139
 0.162539683: 0.3 7 of 20: 0.3 at 0.162
 0.185759637: 0.35 8 of 20: 0.35 at 0.185
 0.208979592: 0.4 9 of 20: 0.4 at 0.208
 0.232199546: 0.45 10 of 20: 0.45 at 0.232
 0.255419501: 0.5 11 of 20: 0.5 at 0.255
 0.278639456: 0.55 12 of 20: 0.55 at 0.278
 0.301859410: 0.6 13 of 20: 0.6 at 0.301
 0.325079365: 0.65 14 of 20: 0.65 at 0.325
 0.348299320: 0.7 15 of 20: 0.7 at 0.348
 0.371519274: 0.75 16 of 20: 0.75 at 0.371
 0.394739229: 0.8 17 of 20: 0.8 at 0.394
 0.417959184: 0.85 18 of 20: 0.85 at 0.417
 0.441179138: 0.9 19 of 20: 0.9 at 0.441
 0.464399093: 0.95 20 of 20: 0.95 at 0.464
