=== vamp-test-plugin:vamp-test-plugin:instants
 0.000000000: 1 of 10 at 0
 1.500000000: 2 of 10 at 1.5
 3.000000000: 3 of 10 at 3
 4.500000000: 4 of 10 at 4.5
 6.000000000: 5 of 10 at 6
 7.500000000: 6 of 10 at 7.5
 9.000000000: 7 of 10 at 9
 10.500000000: 8 of 10 at 10.5
 12.000000000: 9 of 10 at 12
 13.500000000: 10 of 10 at 13.5
