=== vamp-test-plugin:vamp-test-plugin:curve-vsr
 0.000000000: 0 1 of 10: 0 at 0
 0.750000000: 0.1 2 of 10: 0.1 at 0.75
 1.500000000: 0.2 3 of 10: 0.2 at 1.5
 2.250000000: 0.3 4 of 10: 0.3 at 2.25
 3.000000000: 0.4 5 of 10: 0.4 at 3
 3.750000000: 0.5 6 of 10: 0.5 at 3.75
 4.500000000: 0.6 7 of 10: 0.6 at 4.5
 5.250000000: 0.7 8 of 10: 0.7 at 5.25
 6.000000000: 0.8 9 of 10: 0.8 at 6
 6.750000000: 0.9 10 of 10: 0.9 at 6.75
